Author: Leevi Kukkonen  
Course: TTMS0800 Web-palvelun hallinta

... KURSSIN TEHTÄVÄT ...

Tehtyjä harjoitustehtäviä yhteensä:   36 kpl
Tarjolla olleita harjoitustehtäviä:   56 kpl (Joista bonareita 7)
36/56

H1 tasks 14/14:

	Virtuaalikone on ja pyörii

H2 tasks 11/14:

1.	30  sudo apt install chromium-browser

2.	35  sudo apt install apache2

3.	http://localhost/omat-sivut/

4.	52  sudo chmod 755 .

5.	sudo apt install aptitude
	[sudo] password for testi: 
	Reading package lists... Done
	aptitude search '~i' | wc -l //		1742 fileä

6.	72  sudo groups ranar 	//	ranska lainen
	73  sudo groups lillip	//	lilli putti
	74  sudo groups kulmak  //	kulma karva
	75  sudo groups ranskal //	ranska lainen

	ranskal : ranskal juomarit
	lillip : lillip tuomarit
	kulmak : kulmak tuomarit
	makem : makem juomarit

7.	sudo useradd -s /bin/bash -m testi1
	sudo passwd testi1
	sudo useradd -s /bin/bash -m testi2
	sudo useradd -s /bin/bash -m testi3
 	sudo passwd testi2
	sudo passwd testi3

8.      sudo groupadd testers
   	sudo usermod -g testers -G testi1 testi1
   	sudo usermod -g testers -G testi2 testi2
   	sudo usermod -g testers -G testi3 testi3
   	sudo groups testi1
   	sudo groups testi2
   	sudo groups testi3

9.	testi@ubuntu:/etc/skel$ sudo mkdir project
	testi@ubuntu:/etc/skel$ ls
	project
	sudo useradd -s /bin/bash -m luser1
	sudo useradd -s /bin/bash -m luser2
 	sudo passwd luser1
	sudo passwd luser2

10.	sudo mkdir juomamatsku
	sudo chown -hR -c ranskal juomamatsku/
	sudo chgrp -hR -c juomarit juomamatsku/
	touch tmp.txt
	ls -l
11.	sudo apt install john
	Reading package lists... Done
	Building dependency tree

	sudo unshadow /etc/passwd /etc/shadow > /home/
	john sala 
	Created directory: /home/testi/.john
	Loaded 8 password hashes with 8 different salts (crypt, generic crypt(3) [?/64])
	Press 'q' or Ctrl-C to abort, almost any other key for status
	
	
	.....raksuttaa....

	/home/testi/john.log:
	wgGIe5PuHYjF5qRdjVr08qSydloT5QZ6WwRFQm//:asdf //asdf on kayttajan luser1 salansana

H3 tasks 2/10 :


1.

netstat -an | grep LISTEN | more
tcp6       0      0 ::1:631                 :::*                    LISTEN
V: On

2.

sudo apt install vsftpd
[sudo] password for testi: 
Reading package lists... Done
Building dependency tree       
Reading state information... Done
The following NEW packages will be installed:
  vsftpd

ps aux | grep [f]tp
root      7874  0.0  0.0  24048  2384 ?        Ss   18:47   0:00 /usr/sbin/vsftpd /etc/vsftpd.conf

sudo systemctl is-enabled vsftpd.service
enabled

		
	
w3 history (for later use):
 1  ifconfig
    2  exit
    3  ifconfig
    4  touch yeet.jpg
    5  nano /etc/bash.bashrc 
    6  sudo nano /etc/bash.bashrc 
    7  source /etc/bash.bashrc 
    8  ls
    9  mkdir ls
   10  rmdir ls
   11  n
   12  sudo tasksel
   13  exit
   14  whoami
   15  sudo nano /etc/apt/sources.list
   16  clear
   17  sudo apt update 
   18  ifconfig
   19  netstat -an | grep LISTEN | more
   20  sudo apt install ssh
   21  netstat -an | grep LISTEN | more
   22  ifconfig
   23  ssh testi@192.168.43.233
   24  sudo reboot
   25  sudo apt install gksu
   26  gksudo nautilus
   27  ps aux | grep apache
   28  n
   29  ps aux | grep apache
   30  ps aux | grep [a]pache
   31  pstree -p
   32  ps aux | grep [a]pache
   33  top
   34  nano loop
   35  nice -19 ./loop 500000000 &
   36  killall
   37  killall loop
   38  sudo u -
   39  sudo su -
   40  pwd
   41  nano loki.txt
   42  chmod +x /home/testi/loki.sh 
   43  /home/testi/loki.sh &
   44  loki dat
   45  /home/testi/loki.sh &
   46  more /home/testi/loki.dat
   47  killall loki.sh
   48  rm /home/testi/loki.dat
   49  sudo nano /etc/systemd/system/loki.service 
   50  sudo systemctl start loki.service
   51  sudo systemctl is-enabled loki.service 
   52  sudo systemctl enable loki.service 
   53  ls loki.dat
   54  sudo systemctl is-enabled loki.service 
   55  sudo systemctl disable loki.service 
   56  sudo systemctl is-enabled loki.service 
   57  wc -l loki.dat
   58  sudo ufw status
   59  sudo ufw enable
   60  sudo ufw status
   61  sudo ufw allow 22
   62  sudo ufw status numbered
   63  sudo ufw allow from 192.168.43.0/24 to any port 22
   64  sudo ufw status numbered
   65  sudo ufw --force-delete all
   66  sudo ufw --force-delete 1
   67  sudo ufw --force delete 1
   68  sudo ufw --force delete 12
   69  sudo ufw --force delete 2
   70  sudo ufw --force delete 3
   71  sudo ufw --force delete 4
   72  sudo ufw --force delete 1
   73  history
   74  cupsd
   75  ifconfig
   76  netstat -an | grep | listen
   77  netstat -an | grep LISTEN | more
   78  sudo apt install vsftpd
   79  netstat -an | grep LISTEN | more
   80  ifconfig
   81  vsftpd
   82  sudo vsftpd
   83  vsftpd --help
   84* 
   85*  | grep [c]ups
   86  netstat -an | grep :631
   87  netstat -an | grep :21
   88  ps aux | grep ftp
   89  ps aux | grep [f]tp
   90  sudo systemctl is-active 
   91  sudo systemctl is-enabled :21 
   92  sudo systemctl is-enabled vsftpd.conf
   93  sudo systemctl is-enabled vsftpd
   94  sudo systemctl is-enabled vsftpd.service 
   95  history


H4 tasks 7/12:

1.http://192.168.43.101/solo/inex.html



2.
testi@ubuntu:/$ sudo nano /etc/hosts
192.168.43.101	solo
testi@ubuntu:/$ 


3.
testi@ubuntu:~$ sudo systemctl restart apache2.service
testi@ubuntu:~$ sudo useradd -s /bin/bash -m juuseri
testi@ubuntu:~$ sudo passwd juuseri
Enter new UNIX password: 
Retype new UNIX password: 
passwd: password updated successfully
testi@ubuntu:~$ sudo su - juuseri
juuseri@ubuntu:~$ sudo mkdir public_html
[sudo] password for juuseri: 
juuseri is not in the sudoers file.  This incident will be reported.
juuseri@ubuntu:~$ mkdir public_html
juuseri@ubuntu:~$ w >public_html/juttu.html

http://192.168.43.101/~juuseri/juttu.html

4.
sudo systemctl restart apache2.service
testi@ubuntu:~$ ps aux | grep [a]pache2
root     14263  0.0  0.1  73460  4312 ?        Ss   17:54   0:00 /usr/sbin/apache2 -k start
www-data 14266  0.0  0.0  73484  3184 ?        S    17:54   0:00 /usr/sbin/apache2 -k start
www-data 14267  0.0  0.0  73484  3184 ?        S    17:54   0:00 /usr/sbin/apache2 -k start
www-data 14268  0.0  0.0  73484  3184 ?        S    17:54   0:00 /usr/sbin/apache2 -k start
www-data 14269  0.0  0.0  73484  3184 ?        S    17:54   0:00 /usr/sbin/apache2 -k start
www-data 14270  0.0  0.0  73484  3184 ?        S    17:54   0:00 /usr/sbin/apache2 -k start
testi@ubuntu:~$ pstree -p 14263
apache2(14263)─┬─apache2(14266)
               ├─apache2(14267)
               ├─apache2(14268)
               ├─apache2(14269)
               └─apache2(14270)
testi@ubuntu:~$ sudo nano /etc/apache2/mods-enabled/mpm_event.conf
testi@ubuntu:~$ sudo systemctl start apache2.service
testi@ubuntu:~$ sudo nano /etc/apache2/mods-enabled/mpm_event.conf
testi@ubuntu:~$ sudo nano /etc/apache2/mods-enabled/mpm_prefork.conf 
testi@ubuntu:~$ sudo systemctl restart apache2.service
testi@ubuntu:~$ sudo systemctl start apache2.service
testi@ubuntu:~$ 

5.
testi@ubuntu:~$ sudo nano /etc/apache2/ports.conf:

# If you just change the port or add more ports here, you will likely also
# have to change the VirtualHost statement in
# /etc/apache2/sites-enabled/000-default.conf

Listen 80
listen 888

testi@ubuntu:~$ sudo systemctl restart apache2.service
testi@ubuntu:~$ netstat -n

testi@ubuntu:~$ sudo mkdir /var/www/html888
testi@ubuntu:~$ echo "<h1>Palvelin 81</h1>" | sudo tee /var/www/html888/index.html
<h1>Palvelin 81</h1>
testi@ubuntu:~$ echo "<h1>Palvelin 888</h1>" | sudo tee /var/www/html888/index.html
<h1>Palvelin 888</h1>
testi@ubuntu:~$  sudo nano /etc/apache2/sites-available/server888.conf
testi@ubuntu:~$ sudo a2ensite server888
Enabling site server888.
To activate the new configuration, you need to run:
  service apache2 reload
testi@ubuntu:~$ sudo systemctl start apache2.service
testi@ubuntu:~$ sudo systemctl restart apache2.service
testi@ubuntu:~$ sudo systemctl start apache2.service
testi@ubuntu:~$ 

6.
testi@ubuntu:~$ sudo nano /etc/apache2/mods-enabled/userdir.conf 
testi@ubuntu:~$ sudo systemctl restart apache2.service
Job for apache2.service failed because the control process exited with error code. See "systemctl status apache2.service" and "journalctl -xe" for details.
testi@ubuntu:~$ sudo nano /etc/apache2/mods-enabled/userdir.conf 
testi@ubuntu:~$ sudo systemctl restart apache2.service
testi@ubuntu:~$ sudo nano /etc/apache2/mods-enabled/userdir.conf

        UserDir public_html
        UserDir disabled root

        <Directory /home/*/public_html>
                AllowOverride FileInfo AuthConfig Limit Indexes
                Options MultiViews SymLinksIfOwnerMatch IncludesNoExec
#               Options MultiViews Indexes SymLinksIfOwnerMatch IncludesNoExec

                <Limit GET POST OPTIONS>



7.

8.
testi@ubuntu:~$ sudo apt install weba
webalizer                   webapp-container-autopilot  webauth-utils
webapp-container            webauth-tests               webauth-weblogin
testi@ubuntu:~$ sudo apt install webalizer 
testi@ubuntu:~$ sudo nano /var/log/apache2/webalizer.conf
testi@ubuntu:~$ sudo nano /etc/webalizer/webalizer.conf
testi@ubuntu:~$ sudo nano /var/log/apache2/webalizer.conf
Use "fg" to return to nano.

[1]+  Stopped                 sudo nano /var/log/apache2/webalizer.conf
testi@ubuntu:~$ sudo nano /etc/webalizer/webalizer.conf
Use "fg" to return to nano.

[2]+  Stopped                 sudo nano /etc/webalizer/webalizer.conf
testi@ubuntu:~$ sudo nano /etc/webalizer/webalizer.conf
testi@ubuntu:~$ sudo mkdir /var/www/html/usage
testi@ubuntu:~$ sudo ls -la /var/www/html/usage/
total 8
drwxr-xr-x 2 root root 4096 Jan 29 18:38 .
drwxr-xr-x 6 root root 4096 Jan 29 18:38 ..
testi@ubuntu:~$ sudo webalizer
Webalizer V2.23-08 (Linux 4.4.0-141-generic x86_64) locale: GES/webalizer.mo
Using logfile /var/log/apache2/access.log.1 (clf)
Creating output in /var/www/html/usage
Hostname for reports is 'ubuntu'
History file not found...
Generating report for January 2019
Saving history information...
Generating summary report
473 records (436 ignored) in 1 seconds, 473/sec
testi@ubuntu:~$ ls /var/www/html/usage/
ctry_usage_201901.png   hourly_usage_201901.png  usage_201901.html  webalizer.hist
daily_usage_201901.png  index.html               usage.png
http://solo/usage/

9.
esti@ubuntu:~/public_html$ sudo nano /etc/apache2/mods-enabled/alias.conf
        # Added alias:
        Alias http://www.oma.example/ftp/ "/srv/ftp/pub/"
        <Directory "/srv/ftp/pub/"
                Options FollowSymlinks
                AllowOverride None
                Require all granted
        </Directory>

H5 tasks 7/7:
 
1.
  136  touch hello.php
  137  nano hello.php 
  138  sudo apt install php
  139  sudo systemctl restart apache2.service 
  140  sudo systemctl start apache2.service 
  141  systemctl status apache2.service 
  142  sudo apt install php
  143  sudo apache2 -l
  144  sudo apt install libapache2-mod-php
  145  sudo apt install php7.0-mysql 
  146  sudo systemctl restart apache2.service 
  147  systemctl status apache2.service 
  148  sudo nano /etc/apache2/mods-enabled/alias
  149  cd /etc/apache2//mods-enabled/
  150  ls
  151  nano alias.conf
  152  sudo nano alias.conf
  153  systemctl status apache2.service cd 
  154  cd
  155  sudo systemctl restart apache2.service 
  156  ls -la hello.php
  157  cd public_html/
  158  ls
  159  ls -la hello.php
  160  chmod o+r /var/www/html
  161  sudo chmod o+r /var/www/html
  162  sudo nano hello.php 
  163  systemctl start  apache2.service cd 
  164  systemctl start apache2.service cd 
  165  systemctl start apache2.service
  166  sudo nano /etc/php/7.0/apache2/php.ini 

http://192.168.43.131/~testi/hello.php

2, 3.


  176  sudo apt install mysql-server
  177  sudo systemctl restart apache2.service
  178  netstat -an | grep :3306
  179  netstat -an | grep :80
  180  mysql -u root -p
  181  mysql -u root -p osoitteet
  182  /usr/bin/mysqladmin -u root -psala password 'sala'
  183  sudo /usr/bin/mysqladmin -u root -psala password 'sala'
  184  sudo /usr/bin/root -u root -psala password 'sala'
  185  sudo /usr/bin/testi -u root -psala password 'sala'

Muokataan mysli:
  186  mysql

mysql> create database osoitteet
    -> ;
Query OK, 1 row affected (0.00 sec)

mysql> use osoitteet;
Database changed
mysql> CREATE TABLE henkilot ( -- 1.sql
    -> tunnus varchar(6) not null,
    -> sukunimi varchar(128) not null,
    -> etunimi varchar(128) not null,
    -> osoite varchar(255) not null,
    -> puhnro varchar(64) not null,
    -> email varchar(128),
    -> PRIMARY KEY (tunnus),
    -> UNIQUE (email)
    -> );
Query OK, 0 rows affected (0.03 sec)

mysql> INSERT INTO henkilot (
    -> tunnus,
    -> sukunimi,
    -> etunimi,
    -> osoite,
    -> puhnro,
    -> email
    -> )
    -> VALUES (
    -> 'havpen',
    -> 'Haverinen',
    -> 'Pentti',
    -> 'Poritie 4',
    -> '00001',
    -> 'pena@server.fi'
    -> );
Query OK, 1 row affected (0.00 sec)

mysql> select * from osoitteet
    -> ;
ERROR 1146 (42S02): Table 'osoitteet.osoitteet' doesn't exist
mysql> select * from henkilot
    -> ;
+--------+-----------+---------+-----------+--------+----------------+
| tunnus | sukunimi  | etunimi | osoite    | puhnro | email          |
+--------+-----------+---------+-----------+--------+----------------+
| havpen | Haverinen | Pentti  | Poritie 4 | 00001  | pena@server.fi |
+--------+-----------+---------+-----------+--------+----------------+
1 row in set (0.00 sec)

mysql> -- 2.sql
mysql> INSERT INTO henkilot (
    -> tunnus, sukunimi, etunimi, osoite, puhnro, email
    -> )
    -> VALUES (
    -> 'havpen', 'Haverinen', 'Pentti', 'Poritie 4', '00001','pena@server.fi'
    -> );
ERROR 1062 (23000): Duplicate entry 'havpen' for key 'PRIMARY'
mysql> 
mysql> INSERT INTO henkilot (
    -> tunnus, sukunimi,etunimi,osoite, puhnro,email
    -> )
    -> VALUES (
    -> 'kanvis','Kanninen','Visa','Kumpiuja 2','11234','kane@abcde.fi'
    -> ,
    -> ;
ERROR 1064 (42000): You have an error in your SQL syntax; check the manual that corresponds to your MySQL server version for the right syntax to use near '' at line 6
mysql> INSERT INTO henkilot (                                                                                -> tunnus, sukunimi,etunimi,osoite, puhnro,email
    -> )
    -> VALUES (
    -> 'polrau','Polkunen','Rauno','Umpikuja 1','01234','rane@abcde.fi'
    -> );
Query OK, 1 row affected (0.01 sec)

mysql> INSERT INTO henkilot (
    -> tunnus, sukunimi,etunimi,osoite, puhnro,email
    -> )
    -> VALUES (
    -> 'renkar','Rentola','Kari','Asemakatu1','22234','carra@gwassa.fi'
    -> );
Query OK, 1 row affected (0.01 sec)

mysql> INSERT INTO henkilot (
    -> tunnus, sukunimi,etunimi,osoite, puhnro,email
    -> )
    -> VALUES (
    -> 'renjar','Rentola','Jari','Asemakatu1','33334','jarra@gwassa.fi'
    -> );
Query OK, 1 row affected (0.01 sec)

mysql> 
mysql> INSERT INTO henkilot (
    -> tunnus, sukunimi,etunimi,osoite, puhnro,email
    -> )
    -> VALUES (
    -> 'puuatt','Puulonen','Atte','Ratakatu1','44444', NULL
    -> );
Query OK, 1 row affected (0.01 sec)

mysql> 
mysql> INSERT INTO henkilot (
    -> tunnus, sukunimi,etunimi,osoite, puhnro,email
    -> )
    -> VALUES (
    -> 'puuhel','Puulonen','Heli','Asematie 7','55555','hellu@abcd.fi'
    -> );
Query OK, 1 row affected (0.00 sec)

mysql> 
mysql> select * from henkilot
    -> ;
+--------+-----------+---------+------------+--------+-----------------+
| tunnus | sukunimi  | etunimi | osoite     | puhnro | email           |
+--------+-----------+---------+------------+--------+-----------------+
| havpen | Haverinen | Pentti  | Poritie 4  | 00001  | pena@server.fi  |
| polrau | Polkunen  | Rauno   | Umpikuja 1 | 01234  | rane@abcde.fi   |
| puuatt | Puulonen  | Atte    | Ratakatu1  | 44444  | NULL            |
| puuhel | Puulonen  | Heli    | Asematie 7 | 55555  | hellu@abcd.fi   |
| renjar | Rentola   | Jari    | Asemakatu1 | 33334  | jarra@gwassa.fi |
| renkar | Rentola   | Kari    | Asemakatu1 | 22234  | carra@gwassa.fi |
+--------+-----------+---------+------------+--------+-----------------+
6 rows in set (0.00 sec)


  187  mysql -u root -p
  188  sudo nano public_html/mysql.php
  189  touch mysql.php
  190  sudo nano public_html/mysql.php
  191  sudo nano mysql.php

http://192.168.43.131/~testi/mysql.php
output:

Haverinen, Pentti
Kanninen, Visa
Polkunen, Rauno
Puulonen, Atte
Puulonen, Heli
Rentola, Jari
Rentola, Kari


Jes.

4.

testi@ubuntu:~/public_html$ sudo apt install mysql-workbench
new connection: localhost
 test: select * from henkilot

 output: 

'havpen', 'Haverinen', 'Pentti', 'Poritie 4', '00001', 'pena@server.fi'
'polrau', 'Polkunen', 'Rauno', 'Umpikuja 1', '01234', 'rane@abcde.fi'
'puuatt', 'Puulonen', 'Atte', 'Ratakatu1', '44444', NULL
'puuhel', 'Puulonen', 'Heli', 'Asematie 7', '55555', 'hellu@abcd.fi'
'renjar', 'Rentola', 'Jari', 'Asemakatu1', '33334', 'jarra@gwassa.fi'
'renkar', 'Rentola', 'Kari', 'Asemakatu1', '22234', 'carra@gwassa.fi'


5.
testi@ubuntu:~/public_html$ sudo apt install phpmyadmin
more /etc/apache2/conf-enabled/phpmyadmin.conf

 
http://localhost/phpmyadmin/

8.
testi@ubuntu:~/public_html$ sudo apt install samba smbclient
testi@ubuntu:~/public_html$ sudo dpkg -s samba | grep Version
Version: 2:4.3.11+dfsg-0ubuntu0.16.04.18
testi@ubuntu:~/public_html$ sudo ufw disable

testi@ubuntu:~/public_html$ sudo cp /etc/samba/smb.conf /etc/samba/smb.conf.orig
testi@ubuntu:~/public_html$ echo "" | sudo tee /etc/samba/smb.conf

testi@ubuntu:~$ sudo nano /etc/samba/smb.conf
testi@ubuntu:~$ sudo systemctl restart apache2.service
testi@ubuntu:~$ sudo systemctl restart smbd.service
testi@ubuntu:~$ sudo systemctl restart nmbd.service

testi@ubuntu:~$ mkdir /var/www/html/ samba
mkdir: cannot create directory ‘/var/www/html/’: File exists
testi@ubuntu:~$ mkdir samba /var/www/html/
mkdir: cannot create directory ‘samba’: File exists
mkdir: cannot create directory ‘/var/www/html/’: File exists
testi@ubuntu:~$ mkdir /var/www/html/samba
mkdir: cannot create directory ‘/var/www/html/samba’: Permission denied
testi@ubuntu:~$ sudo chmod 777 /var/www/html/samba/
testi@ubuntu:/var/www/html$ sudo mkdir samba

Tulos näkyy: 
http://192.168.43.102/samba/

11.
testi@ubuntu:/var/www/html/samba$ sudo smbpasswd -a testi
New SMB password:
Retype new SMB password:
Added user testi.
testi@ubuntu:/var/www/html/samba$ sudo smbpasswd -a makem
New SMB password:
Retype new SMB password:
Added user makem.
testi@ubuntu:/var/www/html/samba$ sudo smbpasswd -a ranskal
New SMB password:
Retype new SMB password:
Added user ranskal.


H6 tasks 5/14:

2.
testi@ubuntu:/$ mysql -u root -proot66
mysql: [Warning] Using a password on the command line interface can be insecure.
Welcome to the MySQL monitor.  Commands end with ; or \g.
Your MySQL connection id is 9
Server version: 5.7.25-0ubuntu0.16.04.2 (Ubuntu)

Copyright (c) 2000, 2019, Oracle and/or its affiliates. All rights reserved.

Oracle is a registered trademark of Oracle Corporation and/or its
affiliates. Other names may be trademarks of their respective
owners.

Type 'help;' or '\h' for help. Type '\c' to clear the current input statement.

mysql> set password = password("local66");
Query OK, 0 rows affected, 1 warning (0.00 sec)

mysql> select user, host, authentication_string from mysql.user;
+------------------+-----------+-------------------------------------------+
| user             | host      | authentication_string                     |
+------------------+-----------+-------------------------------------------+
| root             | localhost | *D38A8A70B7C6FE703EBC4A224DDE8ACE712988D2 |
| mysql.session    | localhost | *THISISNOTAVALIDPASSWORDTHATCANBEUSEDHERE |
| mysql.sys        | localhost | *THISISNOTAVALIDPASSWORDTHATCANBEUSEDHERE |
| debian-sys-maint | localhost | *D81906DF1923E4E469C7D1CC8A2B338ED5F0185C |
| phpmyadmin       | localhost | *D36F00B81C7E8087ADABF47F2FBC71E7F7B30561 |
+------------------+-----------+-------------------------------------------+
5 rows in set (0.00 sec)

mysql> exit
Bye
testi@ubuntu:/$ mysql -u root -proot66
mysql: [Warning] Using a password on the command line interface can be insecure.
ERROR 1045 (28000): Access denied for user 'root'@'localhost' (using password: YES)
testi@ubuntu:/$ mysql -u root -plocal66
mysql: [Warning] Using a password on the command line interface can be insecure.
Welcome to the MySQL monitor.  Commands end with ; or \g.
Your MySQL connection id is 11
Server version: 5.7.25-0ubuntu0.16.04.2 (Ubuntu)

Copyright (c) 2000, 2019, Oracle and/or its affiliates. All rights reserved.

Oracle is a registered trademark of Oracle Corporation and/or its
affiliates. Other names may be trademarks of their respective
owners.

Type 'help;' or '\h' for help. Type '\c' to clear the current input statement.

mysql> set passwd = password("local66");
ERROR 1193 (HY000): Unknown system variable 'passwd'
mysql> set password = password("sala");

3.


  198  Query OK, 0 rows affected (0.03 sec)
  199  mysql> INSERT INTO henkilot (
  200  Query OK, 1 row affected (0.00 sec)
  201  mysql> select * from osoitteet
  202  ERROR 1146 (42S02): Table 'osoitteet.osoitteet' doesn't exist
  203  mysql> select * from henkilot
  204  +--------+-----------+---------+-----------+--------+----------------+
  205  | tunnus | sukunimi  | etunimi | osoite    | puhnro | email          |
  206  +--------+-----------+---------+-----------+--------+----------------+
  207  | havpen | Haverinen | Pentti  | Poritie 4 | 00001  | pena@server.fi |
  208  +--------+-----------+---------+-----------+--------+----------------+
  209  1 row in set (0.00 sec)
  210  mysql> -- 2.sql
  211  mysql> INSERT INTO henkilot (
  212  ERROR 1062 (23000): Duplicate entry 'havpen' for key 'PRIMARY'
  213  mysql> 
  214  mysql> INSERT INTO henkilot (
  215  ERROR 1064 (42000): You have an error in your SQL syntax; check the manual that corresponds to your MySQL server version for the right syntax to use near '' at line 6
  216  mysql> INSERT INTO henkilot (                                                                                -> tunnus, sukunimi,etunimi,osoite, puhnro,email
  217  Query OK, 1 row affected (0.01 sec)
  218  mysql> INSERT INTO henkilot (
  219  Query OK, 1 row affected (0.01 sec)
  220  mysql> INSERT INTO henkilot (
  221  Query OK, 1 row affected (0.01 sec)
  222  mysql> 
  223  mysql> INSERT INTO henkilot (
  224  Query OK, 1 row affected (0.01 sec)
  225  mysql> 
  226  mysql> INSERT INTO henkilot (
  227  Query OK, 1 row affected (0.00 sec)
  228  mysql> 
  229  mysql> select * from henkilot
  230  +--------+-----------+---------+------------+--------+-----------------+
  231  | tunnus | sukunimi  | etunimi | osoite     | puhnro | email           |
  232  +--------+-----------+---------+------------+--------+-----------------+
  233  | havpen | Haverinen | Pentti  | Poritie 4  | 00001  | pena@server.fi  |
  234  | polrau | Polkunen  | Rauno   | Umpikuja 1 | 01234  | rane@abcde.fi   |
  235  | puuatt | Puulonen  | Atte    | Ratakatu1  | 44444  | NULL            |
  236  | puuhel | Puulonen  | Heli    | Asematie 7 | 55555  | hellu@abcd.fi   |
  237  | renjar | Rentola   | Jari    | Asemakatu1 | 33334  | jarra@gwassa.fi |
  238  | renkar | Rentola   | Kari    | Asemakatu1 | 22234  | carra@gwassa.fi |
  239  +--------+-----------+---------+------------+--------+-----------------+
  240  6 rows in set (0.00 sec)
  241  sudo apt install mysql-workbench
  242  sudo apt install phpmyadmin
  243  more /etc/apache2/conf-enabled/phpmyadmin.conf 
  244  sudo systemctl restart apache2.service
  245  sudo dpkg -s samba | grep Version
  246  sudo apt instll samba
  247  sudo apt install samba
  248  sudo apt install samba smbclient
  249  sudo dpkg -s samba | grep Version
  250  sudo ufw disable
  251  sudo ./iptables-stop.sh
  252  sudo /iptables-stop.sh
  253  testparm | more
  254  sudo cp /etc/samba/smb.conf /etc/samba/smb.conf.orig
  255  echo "" | sudo tee /etc/samba/smb.conf
  256  sudo nano /srv/samba/guestpub
  257  cd
  258  ls
  259  sudo nano /etc/samba/smb.conf
  260  sudo systemctl restart apache2.service
  261  sudo systemctl restart smbd.service
  262  sudo systemctl restart ambd.service
  263  sudo systemctl restart nmbd.service
  264  tesparm
  265  mkdir /var/www/html/ samba
  266  mkdir samba /var/www/html/
  267  mkdir /var/www/html/samba
  268  sudo chmod 777 /var/www/html/solo/
  269  ifconfig
  270  sudo ifconfig
  271  cd /var/www/html/
  272  ls
  273  mkdir samba
  274  sudo mkdir samba
  275  ls
  276  cd samba
  277  ls
  278  ifconfig
  279  sudo ifconfig
  280  n
  281  testparm
  282  more /etc/passwd
  283  tail /etc/passwd
  284  sudo systemctl restart mysql
  285  ls
  286  sudo smbpasswd -a testi
  287  sudo smbpasswd -a makem
  288  sudo smbpasswd -a ranskal
  289  sudo nano /etc/samba/smb.conf
  290  sudo systemctl restart  smbd.service
  291  sudo systemctl restart  nmbd.service
  292  testparm
  293  ifconfig
  294  sudo ifconfig
  295  l
  296  ls
  297  cd
  298  ls
  299  ls -al
  300  cd root
  301  cd /
  302  ls
  303  mysql -u root -psala
  304  mysql -u root -p sala
  305  mysql -u root -psala
  306  mysql -u root -proot66
  307  mysql -u root -psala
  308  mysql -u root -proot66
  309  mysql -u root -plocal66
  310  sudo nano /etc/mysql/mysql.conf.d/mysqld.cnf 
  311  sudo systemctl restart mysql.service
  312  mysql -u root -premo66 -h 192.168.43.21
  313  mysql -u root -plocal66 -h 192.168.43.21
  314  sudo nano /etc/mysql/mysql.conf.d/mysqld.cnf 
  315  ifconfig
  316  sudo ifconfig
  317  sudo nano /etc/mysql/mysql.conf.d/mysqld.cnf 
  318  mysql -u root -plocal66 -h 192.168.43.21
  319  mysql -u root -premo66 -h 192.168.43.21
  320  sudo nano /etc/mysql/mysql.conf.d/mysqld.cnf 
  321  sudo systemctl restart mysql.service
  322  mysql -u root -plocal66 -h 192.168.43.21
  323  mysql -u root -premo66 -h 192.168.43.21
  324  mysql -u root -premo66 -h 
  325  mysql -u root -premo66
  326  mysql -u root -plocal66
  327  mysql -u root -psala
  328  mysql -u tkuser1 -psala
  329  mysqldump -u tkuser1 -psala osoitteet >backup-osoitteet.txt
  330  sudo mysqldump -u tkuser1 -psala osoitteet >backup-osoitteet.txt
  331  mysqldump -u tkuser1 -psala osoitteet >backup-osoitteet.sql
  332  mysqldump -u tkuser1 -psala osoitteet > backup-osoitteet.sql
  333  history


H7 tasks 4/7: 
1.
testi@ubuntu:/$ sudo a2enmod ssl
Considering dependency setenvif for ssl:
Module setenvif already enabled
Considering dependency mime for ssl:
Module mime already enabled
Considering dependency socache_shmcb for ssl:
Enabling module socache_shmcb.
Enabling module ssl.
See /usr/share/doc/apache2/README.Debian.gz on how to configure SSL and create self-signed certificates.
To activate the new configuration, you need to run:
  service apache2 restart
testi@ubuntu:/$ sudo a2enmod headers
Enabling module headers.
To activate the new configuration, you need to run:
  service apache2 restart
testi@ubuntu:/$ sudo a2ensite default-ssl
Enabling site default-ssl.
To activate the new configuration, you need to run:
  service apache2 reload
testi@ubuntu:/$ sudo systemctl restart apache2.service


3. 
sudo nano /usr/share/wireshark/init.lua
testi@ubuntu:~$ sudo wireshark

4.
sudo openssl req -x509 -nodes -days 365 -newkey rsa:2048 -keyout /etc/ssl/private/apache.key -out /etc/ssl/certs/apache.crt
Country Name (2 letter code) [AU]:FI
State or Province Name (full name) [Some-State]:Keski-Suomi
Locality Name (eg, city) []:JYVASKYLA
Organization Name (eg, company) [Internet Widgits Pty Ltd]:TestiFirma Oyj
Organizational Unit Name (eg, section) []:IT-osasto
Common Name (e.g. server FQDN or YOUR name) []:localhost
Email Address []:testi@localhost

testi@ubuntu:~$ sudo nano /etc/apache2/sites-enabled/default-ssl.conf
testi@ubuntu:~$ sudo systemctl restart apache2.service

selain: (sertificate/issuer)

General
Details
E = testi@localhost
CN = localhost
OU = IT-osasto
O = TestiFirma Oyj
L = JYVASKYLA
ST = Keski-Suomi
C = FI

5.

testi@ubuntu:~$ sudo mkdir /var/www/html/toptopsecret/
testi@ubuntu:~$ sudo nano /var/www/html/toptopsecret/index.html
testi@ubuntu:~$ sudo nano /etc/apache2/apache2.conf 
testi@ubuntu:~$ sudo systemctl restart apache2.service

https://192.168.43.116/toptopsecret:

Forbidden
You don't have permission to access /toptopsecret/ on this server.
Apache/2.4.18 (Ubuntu) Server at 192.168.43.116 Port 80

https://192.168.43.116/toptopsecret:

TopTopSecretsivu :DD
tatapas et nae http:lla

kaytat siis https:aa

H8 tasks /7:


testi@ubuntu:~$ history
    1  ifconfig
    2  exit
    3  ifconfig
    4  touch yeet.jpg
    5  nano /etc/bash.bashrc 
    6  sudo nano /etc/bash.bashrc 
    7  source /etc/bash.bashrc 
    8  ls
    9  mkdir ls
   10  rmdir ls
   11  n
   12  sudo tasksel
   13  exit
   14  whoami
   15  sudo nano /etc/apt/sources.list
   16  clear
   17  sudo apt update 
   18  ifconfig
   19  netstat -an | grep LISTEN | more
   20  sudo apt install ssh
   21  netstat -an | grep LISTEN | more
   22  ifconfig
   23  ssh testi@192.168.43.233
   24  sudo reboot
   25  sudo apt install gksu
   26  gksudo nautilus
   27  ps aux | grep apache
   28  n
   29  ps aux | grep apache
   30  ps aux | grep [a]pache
   31  pstree -p
   32  ps aux | grep [a]pache
   33  top
   34  nano loop
   35  nice -19 ./loop 500000000 &
   36  killall
   37  killall loop
   38  sudo u -
   39  sudo su -
   40  touch juttu.htm
   41  touch juttu2.htm
   42  ifconfig
   43  syste,ctl
   44  systemctl
   45  ifconfig
   46  mysql -u root -psala
   47  mkdir ~/public_html/joomla
   48  cd ~/public_html/joomla
   49  wget https://downloads.joomla.org/cms/joomla3/3-8-5/Joomla_3-8-5-Stable-Full_Package.zip
   50  ls
   51  unzip Joomla_3-8-5-Stable-Full_Package.zip 
   52  chmod -R 777 ~/public_html/joomla/
   53  mysql -u root -psala
   54  cd ~/public_html/joomla
   55  mv installation/ installation_rm
   56  cd ..
   57  sudo su -
   58  mkdir ~/public_html/kauppa
   59  cd ~/public_html/kauppa
   60  cp -a /tmp/oscommerce-2.3.4.1/catalog/* ~/public_html/kauppa
   61  chmod 777 ~/public_html/kauppa/includes/configure.php
   62  chmod 777 ~/public_html/kauppa/admin/includes/configure.php
   63  sudo apt install php7.0-curl curl
   64  sudo systemctl restart apache2.service 
   65  mysql -u root -psala
   66  sudo nano ~/public_html/kauppa/images/.htaccess
   67  history
testi@ubuntu:~$ ^C







